// Jest Snapshot v1, https://goo.gl/fbAQLP

exports[`IconCard component Initial rendering should match the snapshot 1`] = `"<button class=\\"icons__btn\\" type=\\"submit\\"><span class=\\"icons__btn-label\\"></span></button>"`;
